## bash · folded
"  bash [1.4s]"
"  │ "
"  │ command cd /var/tmp/x && grep -n -i 'rossini' opera.md && echo done wi…"
"  │ "
"✓ done [7ms]"
"  │ "
"  │ … last 10 of 13 lines"
"  │ 9:7. Mozart's Le nozze di Figaro sets the sequel."
"  │ 9:7. Mozart's Le nozze di Figaro sets the sequel."
"  │ 9:7. Mozart's Le nozze di Figaro sets the sequel."
"  │ 9:7. Mozart's Le nozze di Figaro sets the sequel."
"  │ 9:7. Mozart's Le nozze di Figaro sets the sequel."
"  │ 9:7. Mozart's Le nozze di Figaro sets the sequel."
"  │ 9:7. Mozart's Le nozze di Figaro sets the sequel."
"  │ 9:7. Mozart's Le nozze di Figaro sets the sequel."
"  │ 9:7. Mozart's Le nozze di Figaro sets the sequel."
"  │ 9:7. Mozart's Le nozze di Figaro sets the sequel."
"  └──"
## bash · expanded (Enter)
"  bash [1.4s]"
"  │ "
"  │ command"
"  │   cd /var/tmp/x && grep -n -i 'rossini' opera.md && echo done with a ta"
"  │   il far longer than the pane"
"  │ started 2026-08-04 12:47:11.400 EDT"
"  │ finished 2026-08-04 12:47:11.407 EDT"
"  │ "
"✓ done [7ms]"
"  │ "
"  │ 9:7. Mozart's Le nozze di Figaro sets the sequel."
"  │ 9:7. Mozart's Le nozze di Figaro sets the sequel."
"  │ 9:7. Mozart's Le nozze di Figaro sets the sequel."
"  │ 9:7. Mozart's Le nozze di Figaro sets the sequel."
"  │ 9:7. Mozart's Le nozze di Figaro sets the sequel."
"  │ 9:7. Mozart's Le nozze di Figaro sets the sequel."
"  │ 9:7. Mozart's Le nozze di Figaro sets the sequel."
"  │ 9:7. Mozart's Le nozze di Figaro sets the sequel."
"  │ 9:7. Mozart's Le nozze di Figaro sets the sequel."
"  │ 9:7. Mozart's Le nozze di Figaro sets the sequel."
"  │ 9:7. Mozart's Le nozze di Figaro sets the sequel."
"  │ 9:7. Mozart's Le nozze di Figaro sets the sequel."
"  │ 9:7. Mozart's Le nozze di Figaro sets the sequel."
"  └──"
## bash · verbose (Ctrl-O) adds metadata only
"  bash [1.4s]"
"  │ "
"  │ command cd /var/tmp/x && grep -n -i 'rossini' opera.md && echo done wi…"
"  │ started 2026-08-04 12:47:11.400 EDT"
"  │ finished 2026-08-04 12:47:11.407 EDT"
"  │ "
"✓ done [7ms]"
"  │ "
"  │ … last 10 of 13 lines"
"  │ 9:7. Mozart's Le nozze di Figaro sets the sequel."
"  │ 9:7. Mozart's Le nozze di Figaro sets the sequel."
"  │ 9:7. Mozart's Le nozze di Figaro sets the sequel."
"  │ 9:7. Mozart's Le nozze di Figaro sets the sequel."
"  │ 9:7. Mozart's Le nozze di Figaro sets the sequel."
"  │ 9:7. Mozart's Le nozze di Figaro sets the sequel."
"  │ 9:7. Mozart's Le nozze di Figaro sets the sequel."
"  │ 9:7. Mozart's Le nozze di Figaro sets the sequel."
"  │ 9:7. Mozart's Le nozze di Figaro sets the sequel."
"  │ 9:7. Mozart's Le nozze di Figaro sets the sequel."
"  └──"
## write · folded, head of a multiline value
"  write [31.2s]"
"  │ "
"  │ content (2 of 6 lines)"
"  │   # Sixty Facts"
"  │   1. Il barbiere di Siviglia is an opera buffa in two acts by Rossini."
"  │ "
"  │ path    /var/tmp/x/opera.md"
"  │ "
"✓ done [4ms]"
"  │ "
"  │ Wrote 5453 bytes to /var/tmp/x/opera.md"
"  └──"
## write · expanded
"  write [31.2s]"
"  │ "
"  │ content"
"  │   # Sixty Facts"
"  │   1. Il barbiere di Siviglia is an opera buffa in two acts by Rossini."
"  │   2. The libretto was by Cesare Sterbini."
"  │   3. It premiered in Rome in 1816."
"  │   4. Rossini was twenty-three."
"  │   5. He wrote it in under three weeks."
"  │ "
"  │ path    /var/tmp/x/opera.md"
"  │ started 2026-08-04 12:47:41.200 EDT"
"  │ finished 2026-08-04 12:47:41.204 EDT"
"  │ "
"✓ done [4ms]"
"  │ "
"  │ Wrote 5453 bytes to /var/tmp/x/opera.md"
"  └──"
## write · streaming, tail of a growing value
"⠋ write [12.5s]"
"  │ "
"  │ content (5 of 6 lines)"
"  │   1. Il barbiere di Siviglia is an opera buffa in two acts by Rossini."
"  │   2. The libretto was by Cesare Sterbini."
"  │   3. It premiered in Rome in 1816."
"  │   4. Rossini was twenty-three."
"  │   5. He wrote it in under three weeks."
"  │ "
"  │ path    /var/tmp/x/opera.md"
## write · streaming, expanded
"⠋ write [12.5s]"
"  │ "
"  │ content"
"  │   # Sixty Facts"
"  │   1. Il barbiere di Siviglia is an opera buffa in two acts by Rossini."
"  │   2. The libretto was by Cesare Sterbini."
"  │   3. It premiered in Rome in 1816."
"  │   4. Rossini was twenty-three."
"  │   5. He wrote it in under three weeks."
"  │ "
"  │ path    /var/tmp/x/opera.md"
## bash · failed
"  bash [900ms]"
"  │ "
"  │ command false"
"  │ "
"✗ failed [3ms]"
"  │ "
"  │ exit status 1"
"  └──"
## bash · running, output arriving
"⠋ bash [200ms]"
"  │ "
"  │ command sleep 30"
"  │ "
"⠋ running [12.3s]"
"  │ "
"  │ still going"
"  └──"
## bash · no generation clock (old aria)
"  bash [4ms]"
"  │ "
"  │ command ls"
"  │ "
"✓ done [4ms]"
"  │ "
"  │ a"
"  │ b"
"  └──"
## bash · narrow pane
"  bash [1.4s]"
"  │ "
"  │ command cd /var/tmp/x && grep -n -i 'r…"
"  │ "
"✓ done [7ms]"
"  │ "
"  │ … last 10 of 13 lines"
"  │ 9:7. Mozart's Le nozze di Figaro sets …"
"  │ 9:7. Mozart's Le nozze di Figaro sets …"
"  │ 9:7. Mozart's Le nozze di Figaro sets …"
"  │ 9:7. Mozart's Le nozze di Figaro sets …"
"  │ 9:7. Mozart's Le nozze di Figaro sets …"
"  │ 9:7. Mozart's Le nozze di Figaro sets …"
"  │ 9:7. Mozart's Le nozze di Figaro sets …"
"  │ 9:7. Mozart's Le nozze di Figaro sets …"
"  │ 9:7. Mozart's Le nozze di Figaro sets …"
"  │ 9:7. Mozart's Le nozze di Figaro sets …"
"  └──"
## bash · too narrow to frame
"  bash [1.4s]"
"  │ command cd /var/tmp"
"  │ … last 10 of 13 lin"
"  │ 9:7. Mozart's Le no"
"  │ 9:7. Mozart's Le no"
"  │ 9:7. Mozart's Le no"
"  │ 9:7. Mozart's Le no"
"  │ 9:7. Mozart's Le no"
"  │ 9:7. Mozart's Le no"
"  │ 9:7. Mozart's Le no"
"  │ 9:7. Mozart's Le no"
"  │ 9:7. Mozart's Le no"
"  │ 9:7. Mozart's Le no"
