## bash · minimized
"✓ $ cd /var/tmp/x && grep -niE \"bass|baritone|tenor|soprano\" opera.md [1.4s]"
"  │ … last 10 of 13 lines"
"  │ 15:13. Figaro, the barber of the title, is a baritone."
"  │ 15:13. Figaro, the barber of the title, is a baritone."
"  │ 15:13. Figaro, the barber of the title, is a baritone."
"  │ 15:13. Figaro, the barber of the title, is a baritone."
"  │ 15:13. Figaro, the barber of the title, is a baritone."
"  │ 15:13. Figaro, the barber of the title, is a baritone."
"  │ 15:13. Figaro, the barber of the title, is a baritone."
"  │ 15:13. Figaro, the barber of the title, is a baritone."
"  │ 15:13. Figaro, the barber of the title, is a baritone."
"  │ 15:13. Figaro, the barber of the title, is a baritone."
## bash · expanded
"✓ bash [1.4s]"
"  │ cd /var/tmp/x && grep -niE \"bass|baritone|tenor|soprano\" opera.md"
"  │ timeout 240"
"  │ started 2026-08-04 12:47:11.400 EDT"
"  │ finished 2026-08-04 12:47:11.407 EDT"
"  │ "
"  │ 15:13. Figaro, the barber of the title, is a baritone."
"  │ 15:13. Figaro, the barber of the title, is a baritone."
"  │ 15:13. Figaro, the barber of the title, is a baritone."
"  │ 15:13. Figaro, the barber of the title, is a baritone."
"  │ 15:13. Figaro, the barber of the title, is a baritone."
"  │ 15:13. Figaro, the barber of the title, is a baritone."
"  │ 15:13. Figaro, the barber of the title, is a baritone."
"  │ 15:13. Figaro, the barber of the title, is a baritone."
"  │ 15:13. Figaro, the barber of the title, is a baritone."
"  │ 15:13. Figaro, the barber of the title, is a baritone."
"  │ 15:13. Figaro, the barber of the title, is a baritone."
"  │ 15:13. Figaro, the barber of the title, is a baritone."
"  │ 15:13. Figaro, the barber of the title, is a baritone."
## write · minimized (content is the body; no byte count)
"✓ write /var/tmp/x/opera.md [31.2s]"
"  │ … last 10 of 13 lines"
"  │ 33. Rossini's Almaviva is a demanding tenor part."
"  │ 33. Rossini's Almaviva is a demanding tenor part."
"  │ 33. Rossini's Almaviva is a demanding tenor part."
"  │ 33. Rossini's Almaviva is a demanding tenor part."
"  │ 33. Rossini's Almaviva is a demanding tenor part."
"  │ 33. Rossini's Almaviva is a demanding tenor part."
"  │ 33. Rossini's Almaviva is a demanding tenor part."
"  │ 33. Rossini's Almaviva is a demanding tenor part."
"  │ 33. Rossini's Almaviva is a demanding tenor part."
"  │ 33. Rossini's Almaviva is a demanding tenor part."
## write · expanded
"✓ write [31.2s]"
"  │ /var/tmp/x/opera.md"
"  │ started 2026-08-04 12:47:41.200 EDT"
"  │ finished 2026-08-04 12:47:41.204 EDT"
"  │ "
"  │ 33. Rossini's Almaviva is a demanding tenor part."
"  │ 33. Rossini's Almaviva is a demanding tenor part."
"  │ 33. Rossini's Almaviva is a demanding tenor part."
"  │ 33. Rossini's Almaviva is a demanding tenor part."
"  │ 33. Rossini's Almaviva is a demanding tenor part."
"  │ 33. Rossini's Almaviva is a demanding tenor part."
"  │ 33. Rossini's Almaviva is a demanding tenor part."
"  │ 33. Rossini's Almaviva is a demanding tenor part."
"  │ 33. Rossini's Almaviva is a demanding tenor part."
"  │ 33. Rossini's Almaviva is a demanding tenor part."
"  │ 33. Rossini's Almaviva is a demanding tenor part."
"  │ 33. Rossini's Almaviva is a demanding tenor part."
"  │ 33. Rossini's Almaviva is a demanding tenor part."
## write · streaming
"⠋ write /var/tmp/x/opera.md [17.2s]"
"  │ … last 10 of 13 lines"
"  │ 33. Rossini's Almaviva is a demanding tenor part."
"  │ 33. Rossini's Almaviva is a demanding tenor part."
"  │ 33. Rossini's Almaviva is a demanding tenor part."
"  │ 33. Rossini's Almaviva is a demanding tenor part."
"  │ 33. Rossini's Almaviva is a demanding tenor part."
"  │ 33. Rossini's Almaviva is a demanding tenor part."
"  │ 33. Rossini's Almaviva is a demanding tenor part."
"  │ 33. Rossini's Almaviva is a demanding tenor part."
"  │ 33. Rossini's Almaviva is a demanding tenor part."
"  │ 33. Rossini's Almaviva is a demanding tenor part."
## read · minimized
"✓ read /var/tmp/x/opera.md [44ms]"
"  │ … last 10 of 13 lines"
"  │ 33. Rossini's Almaviva is a demanding tenor part."
"  │ 33. Rossini's Almaviva is a demanding tenor part."
"  │ 33. Rossini's Almaviva is a demanding tenor part."
"  │ 33. Rossini's Almaviva is a demanding tenor part."
"  │ 33. Rossini's Almaviva is a demanding tenor part."
"  │ 33. Rossini's Almaviva is a demanding tenor part."
"  │ 33. Rossini's Almaviva is a demanding tenor part."
"  │ 33. Rossini's Almaviva is a demanding tenor part."
"  │ 33. Rossini's Almaviva is a demanding tenor part."
"  │ 33. Rossini's Almaviva is a demanding tenor part."
## process · drawn like a shell
"✓ $ poll [9ms]"
"  │ still running"
## unknown tool · name and first argument
"✓ mystery first [3ms]"
"  │ done"
## bash · failed
"✗ $ false [903ms]"
"  │ exit status 1"
## bash · no generation clock (old aria)
"✓ $ ls [4ms]"
"  │ a"
"  │ b"
## bash · narrow pane
"✓ $ cd /var/tmp/x && grep -niE \"bass|b… [1.4s]"
"  │ … last 10 of 13 lines"
"  │ 15:13. Figaro, the barber of the title, i…"
"  │ 15:13. Figaro, the barber of the title, i…"
"  │ 15:13. Figaro, the barber of the title, i…"
"  │ 15:13. Figaro, the barber of the title, i…"
"  │ 15:13. Figaro, the barber of the title, i…"
"  │ 15:13. Figaro, the barber of the title, i…"
"  │ 15:13. Figaro, the barber of the title, i…"
"  │ 15:13. Figaro, the barber of the title, i…"
"  │ 15:13. Figaro, the barber of the title, i…"
"  │ 15:13. Figaro, the barber of the title, i…"
## edit · minimized (the diff is the body)
"✓ edit /var/tmp/x/retry.py [7.3s]"
"  │ … last 10 of 13 lines"
"  │ +1 def retry(fn, retries=DEFAULT_RETRIES):"
"  │ +2     last = None"
"  │  2     for i in range(retries):"
"  │  3         try:"
"  │  4             return fn()"
"  │ -5         except Exception:"
"  │ -6             pass"
"  │ +6         except Exception as e:"
"  │ +7             last = e"
"  │ +8     raise last"
## edit · expanded (arguments are blocks, not scars)
"✓ edit [7.3s]"
"  │ /var/tmp/x/retry.py"
"  │ new_text"
"  │ … first 6 of 8 lines"
"  │ def retry(fn, retries=DEFAULT_RETRIES):"
"  │     last = None"
"  │     for i in range(retries):"
"  │         try:"
"  │             return fn()"
"  │         except Exception as e:"
"  │ old_text"
"  │ def retry(fn, retries=3):"
"  │     for i in range(retries):"
"  │         try:"
"  │             return fn()"
"  │         except Exception:"
"  │             pass"
"  │ started 2026-08-04 12:47:17.300 EDT"
"  │ finished 2026-08-04 12:47:17.312 EDT"
"  │ "
"  │ Successfully applied 1 edit(s) to /var/tmp/x/retry.py"
"  │ "
"  │ -1 def retry(fn, retries=3):"
"  │ +1 def retry(fn, retries=DEFAULT_RETRIES):"
"  │ +2     last = None"
"  │  2     for i in range(retries):"
"  │  3         try:"
"  │  4             return fn()"
"  │ -5         except Exception:"
"  │ -6             pass"
"  │ +6         except Exception as e:"
"  │ +7             last = e"
"  │ +8     raise last"
## edit · streaming (one growing region, the rest done)
"⠋ edit [17.2s]"
"  │ /var/tmp/x/retry.py"
"  │ new_text"
"  │ def retry(fn, retries=DEFAULT_RETRIES):"
"  │     last = None"
"  │     for i in ra"
"  │ old_text"
"  │ def retry(fn, retries=3):"
"  │     for i in range(retries):"
"  │         try:"
"  │             return fn()"
"  │         except Exception:"
"  │             pass"
